
---

##  Started a second sshd instance on port 2222 to simulate a private server target

> **Timestamp:** `2026-07-07 11:54:43`

### 01. `sudo apt install openssh-server -y`

```bash
sudo apt install openssh-server -y
```

**Output:**

```text

WARNING: apt does not have a stable CLI interface. Use with caution in scripts.

Reading package lists...
Building dependency tree...
Reading state information...
openssh-server is already the newest version (1:9.6p1-3ubuntu13.16).
0 upgraded, 0 newly installed, 0 to remove and 132 not upgraded.
```

### 02. `sudo mkdir -p /run/sshd`

```bash
sudo mkdir -p /run/sshd
```

**Output:**

```text
```

### 03. `sudo /usr/sbin/sshd -p 2222`

```bash
sudo /usr/sbin/sshd -p 2222
```

**Output:**

```text
```

### 04. `sleep 1`

```bash
sleep 1
```

**Output:**

```text
```

### 05. `ss -tlnp | grep 2222`

```bash
ss -tlnp | grep 2222
```

**Output:**

```text
LISTEN 0      128          0.0.0.0:2222      0.0.0.0:*          
LISTEN 0      128             [::]:2222         [::]:*          
```


---

##  Generated dedicated ed25519 keypair for the jump host lab and authorized it

> **Timestamp:** `2026-07-07 11:55:10`

### 01. `ssh-keygen -t ed25519 -f ~/.ssh/id_ed25519_jumplab -N '' -q`

```bash
ssh-keygen -t ed25519 -f ~/.ssh/id_ed25519_jumplab -N '' -q
```

**Output:**

```text
/home/dell_xps/.ssh/id_ed25519_jumplab already exists.
Overwrite (y/n)? ```

### 02. `cat ~/.ssh/id_ed25519_jumplab.pub >> ~/.ssh/authorized_keys`

```bash
cat ~/.ssh/id_ed25519_jumplab.pub >> ~/.ssh/authorized_keys
```

**Output:**

```text
```

### 03. `echo 'Key generated and authorized'`

```bash
echo 'Key generated and authorized'
```

**Output:**

```text
Key generated and authorized
```


---

##  Connected to private-server through bastion via ProxyJump and confirmed successful hop

> **Timestamp:** `2026-07-07 11:56:56`

### 01. `ssh -o StrictHostKeyChecking=no -o BatchMode=yes private-server 'echo Connected to private-server via bastion`

```bash
ssh -o StrictHostKeyChecking=no -o BatchMode=yes private-server 'echo Connected to private-server via bastion
```

**Output:**

```text
./utils/log-task.sh: eval: line 64: unexpected EOF while looking for matching `''
```

### 02. `hostname`

```bash
hostname
```

**Output:**

```text
ELDAVED-GLOBAL
```

### 03. `whoami'`

```bash
whoami'
```

**Output:**

```text
./utils/log-task.sh: eval: line 64: unexpected EOF while looking for matching `''
```


---

##  Captured verbose SSH trace showing the two-hop authentication through the bastion

> **Timestamp:** `2026-07-07 11:57:07`

### 01. `ssh -v -o StrictHostKeyChecking=no -o BatchMode=yes private-server 'echo done' 2>&1 | grep -E 'proxy command|Authenticating|forwarded'`

```bash
ssh -v -o StrictHostKeyChecking=no -o BatchMode=yes private-server 'echo done' 2>&1 | grep -E 'proxy command|Authenticating|forwarded'
```

**Output:**

```text
debug1: Executing proxy command: exec ssh -v -W '[127.0.0.1]:2222' bastion
debug1: Authenticating to 127.0.0.1:22 as 'dell_xps'
debug1: Authenticating to 127.0.0.1:2222 as 'dell_xps'
```

