
---

## Creating fake application log and simulating 1000 log entries

> **Timestamp:** `2026-06-16 09:15:57`

### 01. `sudo mkdir -p /var/log/myapp`

```bash
sudo mkdir -p /var/log/myapp
```

**Output:**

```text
```

### 02. `sudo touch /var/log/myapp/app.log`

```bash
sudo touch /var/log/myapp/app.log
```

**Output:**

```text
```

### 03. `for i in $(seq 1 1000)`

```bash
for i in $(seq 1 1000)
```

**Output:**

```text
./utils/log-task.sh: eval: line 65: syntax error: unexpected end of file
```

### 04. `do echo "[$(date)] INFO: Request $i processed successfully" | sudo tee -a /var/log/myapp/app.log > /dev/null`

```bash
do echo "[$(date)] INFO: Request $i processed successfully" | sudo tee -a /var/log/myapp/app.log > /dev/null
```

**Output:**

```text
./utils/log-task.sh: eval: line 64: syntax error near unexpected token `do'
./utils/log-task.sh: eval: line 64: `do echo "[$(date)] INFO: Request $i processed successfully" | sudo tee -a /var/log/myapp/app.log > /dev/null'
```

### 05. `done`

```bash
done
```

**Output:**

```text
./utils/log-task.sh: eval: line 64: syntax error near unexpected token `done'
./utils/log-task.sh: eval: line 64: `done'
```

### 06. `ls -lh /var/log/myapp/app.log`

```bash
ls -lh /var/log/myapp/app.log
```

**Output:**

```text
-rw-r--r-- 1 root root 0 Jun 16 09:15 /var/log/myapp/app.log
```


---

## Verifying logrotate config written to /etc/logrotate.d/myapp

> **Timestamp:** `2026-06-16 09:17:24`

### 01. `cat /etc/logrotate.d/myapp`

```bash
cat /etc/logrotate.d/myapp
```

**Output:**

```text
/var/log/myapp/*.log {
    daily
    rotate 14
    compress
    delaycompress
    missingok
    notifempty
    create 0640 root root
    sharedscripts
    postrotate
        echo "[$(date)] Log rotated by logrotate" >> /var/log/myapp/app.log
    endscript
}
```


---

## Testing logrotate configuration in debug mode

> **Timestamp:** `2026-06-16 09:17:45`

### 01. `sudo logrotate --debug /etc/logrotate.d/myapp`

```bash
sudo logrotate --debug /etc/logrotate.d/myapp
```

**Output:**

```text
warning: logrotate in debug mode does nothing except printing debug messages!  Consider using verbose mode (-v) instead if this is not what you want.

reading config file /etc/logrotate.d/myapp
Reading state from file: /var/lib/logrotate/status
Allocating hash table for state file, size 64 entries
Creating new state
Creating new state
Creating new state
Creating new state
Creating new state
Creating new state
Creating new state
Creating new state
Creating new state
Creating new state
Creating new state
Creating new state
Creating new state
Creating new state
Creating new state
Creating new state
Creating new state
Creating new state
Creating new state
Creating new state
Creating new state
Creating new state
Creating new state
Creating new state
Creating new state
Creating new state

Handling 1 logs

rotating pattern: /var/log/myapp/*.log  after 1 days (14 rotations)
empty log files are not rotated, old logs are removed
considering log /var/log/myapp/app.log
Creating new state
  Now: 2026-06-16 09:17
  Last rotated at 2026-06-16 09:00
  log does not need rotating (log has already been rotated)
not running postrotate script, since no logs were rotated
```


---

## Forcing logrotate to rotate the myapp log

> **Timestamp:** `2026-06-16 09:18:11`

### 01. `sudo logrotate --force /etc/logrotate.d/myapp`

```bash
sudo logrotate --force /etc/logrotate.d/myapp
```

**Output:**

```text
```


---

## Verifying log rotation - checking for app.log and app.log.1

> **Timestamp:** `2026-06-16 09:19:25`

### 01. `ls -la /var/log/myapp/`

```bash
ls -la /var/log/myapp/
```

**Output:**

```text
total 8
drwxr-xr-x  2 root root   4096 Jun 16 09:15 .
drwxrwxr-x 10 root syslog 4096 Jun 16 09:15 ..
-rw-r--r--  1 root root      0 Jun 16 09:15 app.log
```

