
---

## setting up the directory structure for a new DevOps project

> **Timestamp:** `2026-06-13 09:11:17`

### 01. `sudo mkdir -p /projects/devops/{scripts,logs,configs,backups}`

```bash
sudo mkdir -p /projects/devops/{scripts,logs,configs,backups}
```

**Output:**

```text
```

### 02. `tree /projects/devops`

```bash
tree /projects/devops
```

**Output:**

```text
/projects/devops
 backups
 configs
 logs
 scripts

5 directories, 0 files
```

### 03. `find /projects/devops -type d`

```bash
find /projects/devops -type d
```

**Output:**

```text
/projects/devops
/projects/devops/logs
/projects/devops/scripts
/projects/devops/backups
/projects/devops/configs
```

### 04. `sudo chown -R devops-user:devops-user /projects/devops`

```bash
sudo chown -R devops-user:devops-user /projects/devops
```

**Output:**

```text
```

### 05. `sudo chmod 755 /projects/devops`

```bash
sudo chmod 755 /projects/devops
```

**Output:**

```text
```

### 06. `sudo chmod 700 /projects/devops/configs`

```bash
sudo chmod 700 /projects/devops/configs
```

**Output:**

```text
```

### 07. `sudo chmod 775 /projects/devops/scripts`

```bash
sudo chmod 775 /projects/devops/scripts
```

**Output:**

```text
```

### 08. `touch /projects/devops/scripts/deploy.sh`

```bash
touch /projects/devops/scripts/deploy.sh
```

**Output:**

```text
touch: cannot touch '/projects/devops/scripts/deploy.sh': Permission denied
```

### 09. `touch /projects/devops/logs/app.log`

```bash
touch /projects/devops/logs/app.log
```

**Output:**

```text
touch: cannot touch '/projects/devops/logs/app.log': Permission denied
```

### 10. `touch /projects/devops/configs/app.conf`

```bash
touch /projects/devops/configs/app.conf
```

**Output:**

```text
touch: cannot touch '/projects/devops/configs/app.conf': Permission denied
```

### 11. `touch /projects/devops/backups/.gitkeep`

```bash
touch /projects/devops/backups/.gitkeep
```

**Output:**

```text
touch: cannot touch '/projects/devops/backups/.gitkeep': Permission denied
```

### 12. `ls -la /projects/devops/`

```bash
ls -la /projects/devops/
```

**Output:**

```text
total 24
drwxr-xr-x 6 devops-user devops-user 4096 Jun 13 09:11 .
drwxr-xr-x 3 root        root        4096 Jun 13 09:11 ..
drwxr-xr-x 2 devops-user devops-user 4096 Jun 13 09:11 backups
drwx------ 2 devops-user devops-user 4096 Jun 13 09:11 configs
drwxr-xr-x 2 devops-user devops-user 4096 Jun 13 09:11 logs
drwxrwxr-x 2 devops-user devops-user 4096 Jun 13 09:11 scripts
```

### 13. `ls -la /projects/devops/scripts/`

```bash
ls -la /projects/devops/scripts/
```

**Output:**

```text
total 8
drwxrwxr-x 2 devops-user devops-user 4096 Jun 13 09:11 .
drwxr-xr-x 6 devops-user devops-user 4096 Jun 13 09:11 ..
```

