
---

##  Installed WireGuard and checked for kernel module support in WSL2

> **Timestamp:** `2026-07-07 15:47:08`

### 01. `sudo apt install wireguard -y`

```bash
sudo apt install wireguard -y
```

**Output:**

```text

WARNING: apt does not have a stable CLI interface. Use with caution in scripts.

Reading package lists...
Building dependency tree...
Reading state information...
wireguard is already the newest version (1.0.20210914-1ubuntu4).
0 upgraded, 0 newly installed, 0 to remove and 132 not upgraded.
```

### 02. `sudo modprobe wireguard`

```bash
sudo modprobe wireguard
```

**Output:**

```text
```

### 03. `lsmod | grep wireguard`

```bash
lsmod | grep wireguard
```

**Output:**

```text
wireguard              90112  0
libcurve25519          69632  1 wireguard
libchacha20poly1305    12288  1 wireguard
```


---

##  Generated WireGuard key pairs for simulated Server A and Server B

> **Timestamp:** `2026-07-07 15:47:57`

### 01. `sudo bash -c 'cd /etc/wireguard && umask 077 && wg genkey | tee server_a_private.key | wg pubkey | tee server_a_public.key && wg genkey | tee server_b_private.key | wg pubkey | tee server_b_public.key'`

```bash
sudo bash -c 'cd /etc/wireguard && umask 077 && wg genkey | tee server_a_private.key | wg pubkey | tee server_a_public.key && wg genkey | tee server_b_private.key | wg pubkey | tee server_b_public.key'
```

**Output:**

```text
P5o0FI7PRLEn85QRyEkvyuEA2OynsRmFnOSlxaIETyc=
SBP5UQqyLWTyPWPYQG/vhmo6+3kghPOlV9KCl+dYp1E=
```


---

##  Brought up both WireGuard interfaces and confirmed peer handshake status

> **Timestamp:** `2026-07-07 15:48:27`

### 01. `sudo wg-quick up wg0`

```bash
sudo wg-quick up wg0
```

**Output:**

```text
[#] ip link add wg0 type wireguard
[#] wg setconf wg0 /dev/fd/63
[#] ip -4 address add 10.200.0.1/24 dev wg0
[#] ip link set mtu 65456 up dev wg0
```

### 02. `sudo wg-quick up wg1`

```bash
sudo wg-quick up wg1
```

**Output:**

```text
[#] ip link add wg1 type wireguard
[#] wg setconf wg1 /dev/fd/63
[#] ip -4 address add 10.200.0.2/24 dev wg1
[#] ip link set mtu 65456 up dev wg1
```

### 03. `sleep 1`

```bash
sleep 1
```

**Output:**

```text
```

### 04. `sudo wg show`

```bash
sudo wg show
```

**Output:**

```text
interface: wg0
  public key: jcub7YJQhxlVBudGIfKAtg+ayTvWEAqG/KnTZfXLxlI=
  private key: (hidden)
  listening port: 51820

peer: ATKEm9GqDixrDmPs8EZU0aLtBCV5pNc8kBq5PfEzQE4=
  endpoint: 127.0.0.1:51821
  allowed ips: 10.200.0.2/32

interface: wg1
  public key: ATKEm9GqDixrDmPs8EZU0aLtBCV5pNc8kBq5PfEzQE4=
  private key: (hidden)
  listening port: 51821

peer: jcub7YJQhxlVBudGIfKAtg+ayTvWEAqG/KnTZfXLxlI=
  endpoint: 127.0.0.1:51820
  allowed ips: 10.200.0.1/32
```


---

##  Pinged across the WireGuard tunnel and captured the encrypted UDP traffic to confirm no plaintext is visible

> **Timestamp:** `2026-07-07 15:48:45`

### 01. `sudo timeout 6 tcpdump -i lo udp port 51820 -A -c 5 > /tmp/wg_capture.txt & sleep 2`

```bash
sudo timeout 6 tcpdump -i lo udp port 51820 -A -c 5 > /tmp/wg_capture.txt & sleep 2
```

**Output:**

```text
tcpdump: verbose output suppressed, use -v[v]... for full protocol decode
listening on lo, link-type EN10MB (Ethernet), snapshot length 262144 bytes
```

### 02. `ping -c 3 10.200.0.2`

```bash
ping -c 3 10.200.0.2
```

**Output:**

```text
PING 10.200.0.2 (10.200.0.2) 56(84) bytes of data.
64 bytes from 10.200.0.2: icmp_seq=1 ttl=64 time=0.838 ms
64 bytes from 10.200.0.2: icmp_seq=2 ttl=64 time=0.095 ms
64 bytes from 10.200.0.2: icmp_seq=3 ttl=64 time=0.110 ms

--- 10.200.0.2 ping statistics ---
3 packets transmitted, 3 received, 0% packet loss, time 2048ms
rtt min/avg/max/mdev = 0.095/0.347/0.838/0.346 ms
```

### 03. `wait`

```bash
wait
```

**Output:**

```text
0 packets captured
2 packets received by filter
0 packets dropped by kernel
```

### 04. `cat /tmp/wg_capture.txt`

```bash
cat /tmp/wg_capture.txt
```

**Output:**

```text

```


---

##  Tore down both WireGuard interfaces, cleaning up the lab environment

> **Timestamp:** `2026-07-07 15:49:19`

### 01. `sudo wg-quick down wg0`

```bash
sudo wg-quick down wg0
```

**Output:**

```text
[#] ip link delete dev wg0
```

### 02. `sudo wg-quick down wg1`

```bash
sudo wg-quick down wg1
```

**Output:**

```text
[#] ip link delete dev wg1
```

