
---

##  Installed tcpdump and identified network interface for capture

> **Timestamp:** `2026-07-06 17:39:05`

### 01. `sudo apt install tcpdump -y`

```bash
sudo apt install tcpdump -y
```

**Output:**

```text

WARNING: apt does not have a stable CLI interface. Use with caution in scripts.

Reading package lists...
Building dependency tree...
Reading state information...
tcpdump is already the newest version (4.99.4-3ubuntu4.24.04.1).
0 upgraded, 0 newly installed, 0 to remove and 132 not upgraded.
```

### 02. `ip a`

```bash
ip a
```

**Output:**

```text
1: lo: <LOOPBACK,UP,LOWER_UP> mtu 65536 qdisc noqueue state UNKNOWN group default qlen 1000
    link/loopback 00:00:00:00:00:00 brd 00:00:00:00:00:00
    inet 127.0.0.1/8 scope host lo
       valid_lft forever preferred_lft forever
    inet6 ::1/128 scope host 
       valid_lft forever preferred_lft forever
2: eth0: <BROADCAST,MULTICAST,UP,LOWER_UP> mtu 1500 qdisc mq state UP group default qlen 1000
    link/ether 00:15:5d:c8:6b:b7 brd ff:ff:ff:ff:ff:ff
    inet 172.30.22.244/20 brd 172.30.31.255 scope global eth0
       valid_lft forever preferred_lft forever
    inet6 fe80::215:5dff:fec8:6bb7/64 scope link 
       valid_lft forever preferred_lft forever
```


---

##  Captured live HTTP traffic on port 80 while generating a request to neverssl.com

> **Timestamp:** `2026-07-06 17:39:32`

### 01. `sudo timeout 8 tcpdump -i eth0 port 80 -A & sleep 2`

```bash
sudo timeout 8 tcpdump -i eth0 port 80 -A & sleep 2
```

**Output:**

```text
tcpdump: verbose output suppressed, use -v[v]... for full protocol decode
listening on eth0, link-type EN10MB (Ethernet), snapshot length 262144 bytes
```

### 02. `curl -s -o /dev/null http://neverssl.com`

```bash
curl -s -o /dev/null http://neverssl.com
```

**Output:**

```text
17:39:39.121996 IP 172.30.22.244.50342 > ec2-34-223-124-45.us-west-2.compute.amazonaws.com.http: Flags [S], seq 3097612531, win 64240, options [mss 1460,sackOK,TS val 1643637987 ecr 0,nop,wscale 10], length 0
E..<..@.@.
.....".|-...P............bM.........
a..........

17:39:40.134618 IP 172.30.22.244.50342 > ec2-34-223-124-45.us-west-2.compute.amazonaws.com.http: Flags [S], seq 3097612531, win 64240, options [mss 1460,sackOK,TS val 1643639000 ecr 0,nop,wscale 10], length 0
E..<..@.@.
.....".|-...P............bM.........
a..........


2 packets captured
3 packets received by filter
0 packets dropped by kernel
```

### 03. `wait`

```bash
wait
```

**Output:**

```text
```


---

##  Saved HTTP packet capture to pcap file and re-read its contents

> **Timestamp:** `2026-07-06 17:40:09`

### 01. `sudo timeout 8 tcpdump -i eth0 port 80 -w http_capture.pcap & sleep 2`

```bash
sudo timeout 8 tcpdump -i eth0 port 80 -w http_capture.pcap & sleep 2
```

**Output:**

```text
tcpdump: listening on eth0, link-type EN10MB (Ethernet), snapshot length 262144 bytes
```

### 02. `curl -s -o /dev/null http://neverssl.com`

```bash
curl -s -o /dev/null http://neverssl.com
```

**Output:**

```text
4 packets captured
8 packets received by filter
0 packets dropped by kernel
```

### 03. `wait`

```bash
wait
```

**Output:**

```text
```

### 04. `tcpdump -r http_capture.pcap -A`

```bash
tcpdump -r http_capture.pcap -A
```

**Output:**

```text
reading from file http_capture.pcap, link-type EN10MB (Ethernet), snapshot length 262144
17:40:14.359899 IP 172.30.22.244.60346 > ec2-34-223-124-45.us-west-2.compute.amazonaws.com.http: Flags [S], seq 508994201, win 64240, options [mss 1460,sackOK,TS val 4279873481 ecr 0,nop,wscale 10], length 0
E..<h.@.@.o.....".|-...P.V..........bM.........
...........

17:40:15.388796 IP 172.30.22.244.60346 > ec2-34-223-124-45.us-west-2.compute.amazonaws.com.http: Flags [S], seq 508994201, win 64240, options [mss 1460,sackOK,TS val 4279874511 ecr 0,nop,wscale 10], length 0
E..<h.@.@.o.....".|-...P.V..........bM.........
...........

17:40:16.412755 IP 172.30.22.244.60346 > ec2-34-223-124-45.us-west-2.compute.amazonaws.com.http: Flags [S], seq 508994201, win 64240, options [mss 1460,sackOK,TS val 4279875535 ecr 0,nop,wscale 10], length 0
E..<h.@.@.o.....".|-...P.V..........bM.........
...........

17:40:17.436717 IP 172.30.22.244.60346 > ec2-34-223-124-45.us-west-2.compute.amazonaws.com.http: Flags [S], seq 508994201, win 64240, options [mss 1460,sackOK,TS val 4279876559 ecr 0,nop,wscale 10], length 0
E..<h.@.@.o.....".|-...P.V..........bM.........
...........

```


---

##  Filtered tcpdump output to show only HTTP request/response lines

> **Timestamp:** `2026-07-06 17:40:31`

### 01. `sudo timeout 8 tcpdump -i eth0 port 80 -A > /tmp/tcpdump_raw.txt & sleep 2`

```bash
sudo timeout 8 tcpdump -i eth0 port 80 -A > /tmp/tcpdump_raw.txt & sleep 2
```

**Output:**

```text
tcpdump: verbose output suppressed, use -v[v]... for full protocol decode
listening on eth0, link-type EN10MB (Ethernet), snapshot length 262144 bytes
```

### 02. `curl -s -o /dev/null http://neverssl.com`

```bash
curl -s -o /dev/null http://neverssl.com
```

**Output:**

```text
```

### 03. `wait`

```bash
wait
```

**Output:**

```text
17 packets captured
17 packets received by filter
0 packets dropped by kernel
```

### 04. `grep -E 'GET|HTTP|Host:' /tmp/tcpdump_raw.txt`

```bash
grep -E 'GET|HTTP|Host:' /tmp/tcpdump_raw.txt
```

**Output:**

```text
17:40:39.591370 IP 172.30.22.244.38594 > ec2-34-223-124-45.us-west-2.compute.amazonaws.com.http: Flags [P.], seq 1:76, ack 1, win 63, options [nop,nop,TS val 3136021272 ecr 2677793439], length 75: HTTP: GET / HTTP/1.1
........GET / HTTP/1.1
Host: neverssl.com
17:40:39.992524 IP ec2-34-223-124-45.us-west-2.compute.amazonaws.com.http > 172.30.22.244.38594: Flags [.], seq 1:1289, ack 76, win 204, options [nop,nop,TS val 2677794207 ecr 3136021272], length 1288: HTTP: HTTP/1.1 200 OK
........HTTP/1.1 200 OK
17:40:40.000522 IP ec2-34-223-124-45.us-west-2.compute.amazonaws.com.http > 172.30.22.244.38594: Flags [.], seq 1289:3865, ack 76, win 204, options [nop,nop,TS val 2677794207 ecr 3136021272], length 2576: HTTP
		href="https://en.wikipedia.org/wiki/HTTP_Strict_Transport_Security">HSTS</a>,
		no HTTP/2.0, just plain old unencrypted HTTP and forever stuck in the dark
17:40:40.001066 IP ec2-34-223-124-45.us-west-2.compute.amazonaws.com.http > 172.30.22.244.38594: Flags [P.], seq 3865:4262, ack 76, win 204, options [nop,nop,TS val 2677794207 ecr 3136021272], length 397: HTTP
```

