
---

##  Installed nmap and confirmed version

> **Timestamp:** `2026-07-07 10:14:43`

### 01. `sudo apt install nmap -y`

```bash
sudo apt install nmap -y
```

**Output:**

```text

WARNING: apt does not have a stable CLI interface. Use with caution in scripts.

Reading package lists...
Building dependency tree...
Reading state information...
nmap is already the newest version (7.94+git20230807.3be01efb1+dfsg-3build2).
0 upgraded, 0 newly installed, 0 to remove and 132 not upgraded.
```

### 02. `nmap --version`

```bash
nmap --version
```

**Output:**

```text
Nmap version 7.94SVN ( https://nmap.org )
Platform: x86_64-pc-linux-gnu
Compiled with: liblua-5.4.6 openssl-3.0.13 libssh2-1.11.0 libz-1.3 libpcre2-10.42 libpcap-1.10.4 nmap-libdnet-1.12 ipv6
Compiled without:
Available nsock engines: epoll poll select
```


---

##  Ran basic and service-version-detection nmap scans against localhost

> **Timestamp:** `2026-07-07 10:15:02`

### 01. `nmap localhost`

```bash
nmap localhost
```

**Output:**

```text
Starting Nmap 7.94SVN ( https://nmap.org ) at 2026-07-07 10:15 WAT
Nmap scan report for localhost (127.0.0.1)
Host is up (0.0054s latency).
Not shown: 998 closed tcp ports (conn-refused)
PORT   STATE SERVICE
22/tcp open  ssh
80/tcp open  http

Nmap done: 1 IP address (1 host up) scanned in 0.80 seconds
```

### 02. `sudo nmap -sV localhost`

```bash
sudo nmap -sV localhost
```

**Output:**

```text
Starting Nmap 7.94SVN ( https://nmap.org ) at 2026-07-07 10:15 WAT
Nmap scan report for localhost (127.0.0.1)
Host is up (0.000026s latency).
Not shown: 998 closed tcp ports (reset)
PORT   STATE SERVICE VERSION
22/tcp open  ssh     OpenSSH 9.6p1 Ubuntu 3ubuntu13.16 (Ubuntu Linux; protocol 2.0)
80/tcp open  http    nginx 1.24.0 (Ubuntu)
Service Info: OS: Linux; CPE: cpe:/o:linux:linux_kernel

Service detection performed. Please report any incorrect results at https://nmap.org/submit/ .
Nmap done: 1 IP address (1 host up) scanned in 7.62 seconds
```


---

##  Scanned specific ports 22, 80, 443, 8080 to cross-check against UFW rules from Task 5

> **Timestamp:** `2026-07-07 10:15:19`

### 01. `nmap -p 22,80,443,8080 localhost`

```bash
nmap -p 22,80,443,8080 localhost
```

**Output:**

```text
Starting Nmap 7.94SVN ( https://nmap.org ) at 2026-07-07 10:15 WAT
Nmap scan report for localhost (127.0.0.1)
Host is up (0.0024s latency).

PORT     STATE  SERVICE
22/tcp   open   ssh
80/tcp   open   http
443/tcp  closed https
8080/tcp closed http-proxy

Nmap done: 1 IP address (1 host up) scanned in 0.19 seconds
```


---

##  Performed full 65535-port scan of localhost to check for unexpected open ports

> **Timestamp:** `2026-07-07 10:15:43`

### 01. `sudo nmap -p- localhost`

```bash
sudo nmap -p- localhost
```

**Output:**

```text
Starting Nmap 7.94SVN ( https://nmap.org ) at 2026-07-07 10:15 WAT
Nmap scan report for localhost (127.0.0.1)
Host is up (0.000026s latency).
Not shown: 65533 closed tcp ports (reset)
PORT   STATE SERVICE
22/tcp open  ssh
80/tcp open  http

Nmap done: 1 IP address (1 host up) scanned in 5.24 seconds
```

