
---

##  Started SSH server on WSL and confirmed password-based SSH is available on localhost

> **Timestamp:** `2026-07-06 14:24:40`

### 01. `sudo service ssh start`

```bash
sudo service ssh start
```

**Output:**

```text
```

### 02. `sudo service ssh status`

```bash
sudo service ssh status
```

**Output:**

```text
● ssh.service - OpenBSD Secure Shell server
     Loaded: loaded (/usr/lib/systemd/system/ssh.service; disabled; preset: enabled)
     Active: active (running) since Mon 2026-07-06 13:56:15 WAT; 28min ago
TriggeredBy: ● ssh.socket
       Docs: man:sshd(8)
             man:sshd_config(5)
    Process: 14717 ExecStartPre=/usr/sbin/sshd -t (code=exited, status=0/SUCCESS)
   Main PID: 14719 (sshd)
      Tasks: 1 (limit: 9425)
     Memory: 3.5M (peak: 5.0M)
        CPU: 378ms
     CGroup: /system.slice/ssh.service
             └─14719 "sshd: /usr/sbin/sshd -D [listener] 0 of 10-100 startups"

Jul 06 13:56:15 ELDAVED-GLOBAL systemd[1]: Starting ssh.service - OpenBSD Secure Shell server...
Jul 06 13:56:15 ELDAVED-GLOBAL sshd[14719]: Server listening on 0.0.0.0 port 22.
Jul 06 13:56:15 ELDAVED-GLOBAL sshd[14719]: Server listening on :: port 22.
Jul 06 13:56:15 ELDAVED-GLOBAL systemd[1]: Started ssh.service - OpenBSD Secure Shell server.
Jul 06 13:57:38 ELDAVED-GLOBAL sshd[14727]: Accepted publickey for dell_xps from 127.0.0.1 port 53902 ssh2: ED25519 SHA256:4qP2jS0a9Sd902rsJUgJ61t1OJFVvVgSt4d2tj2+BjQ
Jul 06 13:57:38 ELDAVED-GLOBAL sshd[14727]: pam_unix(sshd:session): session opened for user dell_xps(uid=1000) by dell_xps(uid=0)
```

### 03. `whoami`

```bash
whoami
```

**Output:**

```text
dell_xps
```

### 04. `hostname`

```bash
hostname
```

**Output:**

```text
ELDAVED-GLOBAL
```


---

##  Generated ED25519 SSH key pair on WSL local machine

> **Timestamp:** `2026-07-06 14:25:37`

### 01. `ssh-keygen -t ed25519 -C 'devops-lab-key' -f ~/.ssh/id_ed25519 -N '' 2>&1`

```bash
ssh-keygen -t ed25519 -C 'devops-lab-key' -f ~/.ssh/id_ed25519 -N '' 2>&1
```

**Output:**

```text
Generating public/private ed25519 key pair.
/home/dell_xps/.ssh/id_ed25519 already exists.
Overwrite (y/n)? ```

### 02. `ls -la ~/.ssh/`

```bash
ls -la ~/.ssh/
```

**Output:**

```text
total 28
drwx------ 2 dell_xps dell_xps 4096 Jul  6 12:52 .
drwxr-x--- 8 dell_xps dell_xps 4096 Jul  6 14:08 ..
-rw------- 1 dell_xps dell_xps   96 Jul  6 12:52 authorized_keys
-rw------- 1 dell_xps dell_xps  411 Jul  6 12:09 id_ed25519
-rw-r--r-- 1 dell_xps dell_xps   96 Jul  6 12:09 id_ed25519.pub
-rw------- 1 dell_xps dell_xps  978 Jul  6 11:57 known_hosts
-rw-r--r-- 1 dell_xps dell_xps  142 Jul  6 11:56 known_hosts.old
```

### 03. `cat ~/.ssh/id_ed25519.pub`

```bash
cat ~/.ssh/id_ed25519.pub
```

**Output:**

```text
ssh-ed25519 AAAAC3NzaC1lZDI1NTE5AAAAIL8tUkaRKFaVMXooGN7VjkpkZFZ5bKTAzZa6VSFKJO7+ devops-lab-key
```


---

##  Appended ED25519 public key to authorized_keys and set correct file permissions

> **Timestamp:** `2026-07-06 14:27:06`

### 01. `cat ~/.ssh/id_ed25519.pub >> ~/.ssh/authorized_keys`

```bash
cat ~/.ssh/id_ed25519.pub >> ~/.ssh/authorized_keys
```

**Output:**

```text
```

### 02. `chmod 600 ~/.ssh/authorized_keys`

```bash
chmod 600 ~/.ssh/authorized_keys
```

**Output:**

```text
```

### 03. `chmod 700 ~/.ssh`

```bash
chmod 700 ~/.ssh
```

**Output:**

```text
```

### 04. `cat ~/.ssh/authorized_keys`

```bash
cat ~/.ssh/authorized_keys
```

**Output:**

```text
ssh-ed25519 AAAAC3NzaC1lZDI1NTE5AAAAIL8tUkaRKFaVMXooGN7VjkpkZFZ5bKTAzZa6VSFKJO7+ devops-lab-key
ssh-ed25519 AAAAC3NzaC1lZDI1NTE5AAAAIL8tUkaRKFaVMXooGN7VjkpkZFZ5bKTAzZa6VSFKJO7+ devops-lab-key
```


---

##  Disabled password auth, enabled pubkey-only, verified key-based SSH login works on localhost

> **Timestamp:** `2026-07-06 14:27:26`

### 01. `sudo grep -E 'PubkeyAuthentication|PasswordAuthentication|AuthorizedKeysFile' /etc/ssh/sshd_config`

```bash
sudo grep -E 'PubkeyAuthentication|PasswordAuthentication|AuthorizedKeysFile' /etc/ssh/sshd_config
```

**Output:**

```text
#PubkeyAuthentication yes
#PasswordAuthentication no
#AuthorizedKeysFile .ssh/authorized_keys
#AuthorizedKeysFile	.ssh/authorized_keys .ssh/authorized_keys2
#PasswordAuthentication yes
# PasswordAuthentication.  Depending on your PAM configuration,
# PAM authentication, then enable this but set PasswordAuthentication
```

### 02. `sudo service ssh restart`

```bash
sudo service ssh restart
```

**Output:**

```text
```

### 03. `ssh -i ~/.ssh/id_ed25519 -o StrictHostKeyChecking=no dell_xps@localhost 'echo KEY-BASED LOGIN SUCCESSFUL && whoami && hostname'`

```bash
ssh -i ~/.ssh/id_ed25519 -o StrictHostKeyChecking=no dell_xps@localhost 'echo KEY-BASED LOGIN SUCCESSFUL && whoami && hostname'
```

**Output:**

```text
KEY-BASED LOGIN SUCCESSFUL
dell_xps
ELDAVED-GLOBAL
```

