
---

## Making file-management.sh executable and running it

> **Timestamp:** `2026-06-15 18:45:39`

### 01. `sudo chmod +x /projects/devops/scripts/file-management.sh`

```bash
sudo chmod +x /projects/devops/scripts/file-management.sh
```

**Output:**

```text
```

### 02. `sudo /projects/devops/scripts/file-management.sh`

```bash
sudo /projects/devops/scripts/file-management.sh
```

**Output:**

```text
Script complete. Check /projects/devops/logs/file-management.log for details.
```


---

## Verifying file-management.sh results - even-numbered files remaining and log output

> **Timestamp:** `2026-06-15 18:46:46`

### 01. `ls /tmp/test-files/`

```bash
ls /tmp/test-files/
```

**Output:**

```text
file-10.txt
file-2.txt
file-4.txt
file-6.txt
file-8.txt
```

### 02. `cat /projects/devops/logs/file-management.log`

```bash
cat /projects/devops/logs/file-management.log
```

**Output:**

```text
[2026-06-15 18:45:41] Starting file management task
[2026-06-15 18:45:41] Creating 10 files...
[2026-06-15 18:45:41] Created: file-1.txt
[2026-06-15 18:45:41] Created: file-2.txt
[2026-06-15 18:45:41] Created: file-3.txt
[2026-06-15 18:45:41] Created: file-4.txt
[2026-06-15 18:45:41] Created: file-5.txt
[2026-06-15 18:45:41] Created: file-6.txt
[2026-06-15 18:45:41] Created: file-7.txt
[2026-06-15 18:45:41] Created: file-8.txt
[2026-06-15 18:45:41] Created: file-9.txt
[2026-06-15 18:45:41] Created: file-10.txt
[2026-06-15 18:45:41] Files created:
file-1.txt
file-10.txt
file-2.txt
file-3.txt
file-4.txt
file-5.txt
file-6.txt
file-7.txt
file-8.txt
file-9.txt
[2026-06-15 18:45:41] Deleting odd-numbered files...
[2026-06-15 18:45:41] Deleted: file-1.txt
[2026-06-15 18:45:41] Deleted: file-3.txt
[2026-06-15 18:45:41] Deleted: file-5.txt
[2026-06-15 18:45:41] Deleted: file-7.txt
[2026-06-15 18:45:41] Deleted: file-9.txt
[2026-06-15 18:45:41] Remaining files:
file-10.txt
file-2.txt
file-4.txt
file-6.txt
file-8.txt
[2026-06-15 18:45:41] Task complete. 5 files remaining.
```

