
---

##  Captured full verbose curl trace of HTTPS request to example.com, including TLS handshake and headers

> **Timestamp:** `2026-07-06 16:45:44`

### 01. `curl -v --trace-time -o /dev/null https://example.com 2>&1`

```bash
curl -v --trace-time -o /dev/null https://example.com 2>&1
```

**Output:**

```text
  % Total    % Received % Xferd  Average Speed   Time    Time     Time  Current
                                 Dload  Upload   Total   Spent    Left  Speed
  0     0    0     0    0     0      0      0 --:--:-- --:--:-- --:--:--     0  0     0    0     0    0     0      0      0 --:--:-- --:--:-- --:--:--     0  0     0    0     0    0     0      0      0 --:--:--  0:00:01 --:--:--     0  0     0    0     0    0     0      0      0 --:--:--  0:00:02 --:--:--     0  0     0    0     0    0     0      0      0 --:--:--  0:00:03 --:--:--     0  0     0    0     0    0     0      0      0 --:--:--  0:00:04 --:--:--     0  0     0    0     0    0     0      0      0 --:--:--  0:00:05 --:--:--     0  0     0    0     0    0     0      0      0 --:--:--  0:00:06 --:--:--     0  0     0    0     0    0     0      0      0 --:--:--  0:00:07 --:--:--     0  0     0    0     0    0     0      0      0 --:--:--  0:00:08 --:--:--     0  0     0    0     0    0     0      0      0 --:--:--  0:00:09 --:--:--     016:45:55.221845 * Could not resolve host: example.com
16:45:55.547163 * Closing connection
curl: (6) Could not resolve host: example.com
```


---

##  Isolated and logged response headers only from HTTPS request

> **Timestamp:** `2026-07-06 16:46:32`

### 01. `curl -sD - -o /dev/null https://example.com`

```bash
curl -sD - -o /dev/null https://example.com
```

**Output:**

```text
```


---

##  Measured DNS, TCP, TLS, and TTFB timing breakdown for HTTPS request

> **Timestamp:** `2026-07-06 16:47:40`

### 01. `curl -o /dev/null -s -w 'DNS Lookup: %{time_namelookup}s\nTCP Connect: %{time_connect}s\nTLS Handshake: %{time_appconnect}s\nTTFB: %{time_starttransfer}s\nTotal: %{time_total}s\n' https://example.com`

```bash
curl -o /dev/null -s -w 'DNS Lookup: %{time_namelookup}s\nTCP Connect: %{time_connect}s\nTLS Handshake: %{time_appconnect}s\nTTFB: %{time_starttransfer}s\nTotal: %{time_total}s\n' https://example.com
```

**Output:**

```text
DNS Lookup: 0.006905s
TCP Connect: 0.205397s
TLS Handshake: 13.276303s
TTFB: 0.000000s
Total: 15.376474s
```


---

##  Extracted TLS certificate chain and issuer details from HTTPS handshake

> **Timestamp:** `2026-07-06 16:48:07`

### 01. `curl -vI https://example.com 2>&1 | grep -A 10 'Server certificate'`

```bash
curl -vI https://example.com 2>&1 | grep -A 10 'Server certificate'
```

**Output:**

```text
* Server certificate:
*  subject: CN=example.com
*  start date: May 31 21:39:12 2026 GMT
*  expire date: Aug 29 21:41:26 2026 GMT
*  subjectAltName: host "example.com" matched cert's "example.com"
*  issuer: C=US; O=SSL Corporation; CN=Cloudflare TLS Issuing ECC CA 3
*  SSL certificate verify ok.
*   Certificate level 0: Public key type EC/prime256v1 (256/128 Bits/secBits), signed using ecdsa-with-SHA256
*   Certificate level 1: Public key type EC/prime256v1 (256/128 Bits/secBits), signed using ecdsa-with-SHA384
*   Certificate level 2: Public key type EC/secp384r1 (384/192 Bits/secBits), signed using ecdsa-with-SHA384
*   Certificate level 3: Public key type EC/secp384r1 (384/192 Bits/secBits), signed using ecdsa-with-SHA384
```

